// Jest Snapshot v1, https://goo.gl/fbAQLP

exports[`IconButton renders correctly 1`] = `
.c0.dclIconButton__root {
  height: 32px;
  line-height: 32px;
  cursor: pointer;
  padding: 0 12px;
  background: #ffffff;
  color: #525965;
  min-width: 0;
  width: 24px;
  padding: 0 16px;
}

.c0.dclIconButton__root:hover {
  background-color: #ffffff;
  color: #0266C8;
}

.c0.dclIconButton__root:active {
  background: #ffffff;
  color: #0266C8;
}

.c0.dclIconButton__root .MuiButton-startIcon {
  margin: 0;
}

.c0.dclIconButton__root .dclIconButton__text {
  text-indent: -999em;
  visibility: hidden;
  width: 0;
}

.c0.dclIconButton__root.Mui-disabled {
  color: #707070;
  background-color: transparent;
  border-color: transparent;
}

<WithStyles(ForwardRef(Button))
  aria-label="text"
  className="c0"
  classes={
    Object {
      "root": "dclIconButton__root",
    }
  }
  color="inherit"
  disableElevation={true}
  disabled={true}
  id="23234"
  onClick={[MockFunction]}
  startIcon={
    <span
      className="icon icon-earth"
    />
  }
  theme={
    Object {
      "alerts": Object {
        "button": "#32373F",
        "error": "#BD2030",
        "errorBg": "#F7E4E6",
        "info": "#0266C8",
        "infoBg": "#E0F3FE",
        "success": "#2A7D2A",
        "successBg": "#DFF6DF",
        "warning": "#F3AD2E",
        "warningBg": "#FDEED3",
      },
      "background": Object {
        "default": "#ffffff",
        "paper": "#F5F5F5",
        "tertiary": "#EFEFEB",
      },
      "brandColours": Object {
        "default": "#007DC3",
        "secondary": "#20908B",
      },
      "divider": "#d1d1d1",
      "global": Object {
        "headerBg": "#32373F",
        "navigationBg": "#32373F",
        "navigationSelectedBg": "#525965",
        "navigationText": "#ffffff",
      },
      "highlight": Object {
        "blue": "#E0F3FE",
        "green": "#DFF6DF",
        "red": "#F7E4E6",
        "yellow": "#FDEED3",
      },
      "meaningful": Object {
        "blue": "#0266C8",
        "green": "#2A7D2A",
        "purple": "#9D4098",
        "red": "#BD2030",
        "yellow": "#F3AD2E",
      },
      "primary": Object {
        "main": "#0266C8",
      },
      "text": Object {
        "disabled": "#707070",
        "primary": "#32373F",
        "secondary": "#525965",
      },
      "typography": Object {
        "body1": Object {
          "fontFamily": "Roboto,-apple-system,BlinkMacSystemFont,Arial,Helvetica,sans-serif",
          "fontSize": "14px",
          "fontWeight": 400,
          "lineHeight": 1,
        },
        "body2": Object {
          "fontFamily": "Roboto,-apple-system,BlinkMacSystemFont,Arial,Helvetica,sans-serif",
          "fontSize": "14px",
          "fontWeight": 400,
          "lineHeight": 1,
        },
        "fontFamily": "Roboto,-apple-system,BlinkMacSystemFont,Arial,Helvetica,sans-serif",
        "h1": Object {
          "fontFamily": "Roboto,-apple-system,BlinkMacSystemFont,Arial,Helvetica,sans-serif",
          "fontSize": "14px",
          "fontWeight": 400,
          "lineHeight": 1,
        },
        "h2": Object {
          "fontFamily": "Roboto,-apple-system,BlinkMacSystemFont,Arial,Helvetica,sans-serif",
          "fontSize": "14px",
          "fontWeight": 400,
          "lineHeight": 1,
        },
        "h3": Object {
          "fontFamily": "Roboto,-apple-system,BlinkMacSystemFont,Arial,Helvetica,sans-serif",
          "fontSize": "14px",
          "fontWeight": 400,
          "lineHeight": 1,
        },
        "h4": Object {
          "fontFamily": "Roboto,-apple-system,BlinkMacSystemFont,Arial,Helvetica,sans-serif",
          "fontSize": "14px",
          "fontWeight": 400,
          "lineHeight": 1,
        },
        "h5": Object {
          "fontFamily": "Roboto,-apple-system,BlinkMacSystemFont,Arial,Helvetica,sans-serif",
          "fontSize": "14px",
          "fontWeight": 400,
          "lineHeight": 1,
        },
        "h6": Object {
          "fontFamily": "Roboto,-apple-system,BlinkMacSystemFont,Arial,Helvetica,sans-serif",
          "fontSize": "14px",
          "fontWeight": 400,
          "lineHeight": 1,
        },
        "htmlFontSize": 14,
        "subtitle1": Object {
          "fontFamily": "Roboto,-apple-system,BlinkMacSystemFont,Arial,Helvetica,sans-serif",
          "fontSize": "14px",
          "fontWeight": 400,
          "lineHeight": 1,
        },
        "subtitle2": Object {
          "fontFamily": "Roboto,-apple-system,BlinkMacSystemFont,Arial,Helvetica,sans-serif",
          "fontSize": "14px",
          "fontWeight": 400,
          "lineHeight": 1,
        },
      },
    }
  }
  title="text"
  variant="text"
>
  <span
    className="dclIconButton__text"
  >
    text
  </span>
</WithStyles(ForwardRef(Button))>
`;
